// Jest Snapshot v1, https://goo.gl/fbAQLP

exports[`HostDetails - Interfaces should render UserProfile 1`] = `
<Card
  isHoverable={true}
>
  <DataList
    aria-label="Host Properties"
    className=""
    gridBreakpoint="md"
    isCompact={true}
    selectedDataListItemId=""
    wrapModifier={null}
  >
    <DataListItem
      aria-labelledby="name"
      className=""
      id=""
      isExpanded={false}
    >
      <DataListItemRow>
        <DataListItemCells
          dataListCells={
            Array [
              <DataListCell>
                <span>
                   
                  Operating System
                </span>
              </DataListCell>,
              <DataListCell>
                <SkeletonLoader
                  emptyState="N/A"
                  skeletonProps={Object {}}
                  status="RESOLVED"
                >
                  windows 3.11
                </SkeletonLoader>
              </DataListCell>,
            ]
          }
        />
      </DataListItemRow>
    </DataListItem>
    <DataListItem
      aria-labelledby="domain"
      className=""
      id=""
      isExpanded={false}
    >
      <DataListItemRow>
        <DataListItemCells
          dataListCells={
            Array [
              <DataListCell
                isFilled={true}
              >
                <span>
                  Domain
                </span>
              </DataListCell>,
              <DataListCell
                alignRight={true}
                isFilled={true}
              >
                <SkeletonLoader
                  emptyState="N/A"
                  skeletonProps={Object {}}
                  status="RESOLVED"
                >
                  altavista
                </SkeletonLoader>
              </DataListCell>,
            ]
          }
        />
      </DataListItemRow>
    </DataListItem>
    <DataListItem
      aria-labelledby="architecture"
      className=""
      id=""
      isExpanded={false}
    >
      <DataListItemRow>
        <DataListItemCells
          dataListCells={
            Array [
              <DataListCell
                alignRight={true}
                isFilled={true}
              >
                <span
                  id="simple-item2"
                >
                  Architecture
                </span>
              </DataListCell>,
              <DataListCell
                alignRight={true}
                isFilled={true}
              >
                <SkeletonLoader
                  emptyState="N/A"
                  skeletonProps={Object {}}
                  status="RESOLVED"
                >
                  x16
                </SkeletonLoader>
              </DataListCell>,
            ]
          }
        />
      </DataListItemRow>
    </DataListItem>
    <DataListItem
      aria-labelledby="ip"
      className=""
      id=""
      isExpanded={false}
    >
      <DataListItemRow>
        <DataListItemCells
          dataListCells={
            Array [
              <DataListCell
                alignRight={true}
                isFilled={true}
              >
                <span
                  id="simple-item2"
                >
                  IP Address
                </span>
              </DataListCell>,
              <DataListCell
                alignRight={true}
                isFilled={true}
              >
                <SkeletonLoader
                  emptyState="N/A"
                  skeletonProps={Object {}}
                  status="RESOLVED"
                >
                  windows 3.11
                </SkeletonLoader>
              </DataListCell>,
            ]
          }
        />
      </DataListItemRow>
    </DataListItem>
    <DataListItem
      aria-labelledby="ip6"
      className=""
      id=""
      isExpanded={false}
    >
      <DataListItemRow>
        <DataListItemCells
          dataListCells={
            Array [
              <DataListCell
                alignRight={true}
                isFilled={true}
              >
                <span>
                  IP6 Address
                </span>
              </DataListCell>,
              <DataListCell
                alignRight={true}
                isFilled={true}
              >
                <SkeletonLoader
                  emptyState="N/A"
                  skeletonProps={Object {}}
                  status="RESOLVED"
                >
                  
                </SkeletonLoader>
              </DataListCell>,
            ]
          }
        />
      </DataListItemRow>
    </DataListItem>
    <DataListItem
      aria-labelledby="mac"
      className=""
      id=""
      isExpanded={false}
    >
      <DataListItemRow>
        <DataListItemCells
          dataListCells={
            Array [
              <DataListCell
                alignRight={true}
                isFilled={true}
              >
                <span
                  id="simple-item2"
                >
                  MAC
                </span>
              </DataListCell>,
              <DataListCell
                alignRight={true}
                isFilled={true}
              >
                <SkeletonLoader
                  emptyState="N/A"
                  skeletonProps={Object {}}
                  status="RESOLVED"
                >
                  00:0a:95:9d:68:16
                </SkeletonLoader>
              </DataListCell>,
            ]
          }
        />
      </DataListItemRow>
    </DataListItem>
    <DataListItem
      aria-labelledby="location"
      className=""
      id=""
      isExpanded={false}
    >
      <DataListItemRow>
        <DataListItemCells
          dataListCells={
            Array [
              <DataListCell
                alignRight={true}
                isFilled={true}
              >
                <span
                  id="simple-item2"
                >
                  Location
                </span>
              </DataListCell>,
              <DataListCell
                alignRight={true}
                isFilled={true}
              >
                <SkeletonLoader
                  emptyState="N/A"
                  skeletonProps={Object {}}
                  status="RESOLVED"
                >
                  Beverly Hills
                </SkeletonLoader>
              </DataListCell>,
            ]
          }
        />
      </DataListItemRow>
    </DataListItem>
    <DataListItem
      aria-labelledby="organization"
      className=""
      id=""
      isExpanded={false}
    >
      <DataListItemRow>
        <DataListItemCells
          dataListCells={
            Array [
              <DataListCell
                alignRight={true}
                isFilled={true}
              >
                <span
                  id="simple-item2"
                >
                  Organization
                </span>
              </DataListCell>,
              <DataListCell
                alignRight={true}
                isFilled={true}
              >
                <SkeletonLoader
                  emptyState="N/A"
                  skeletonProps={Object {}}
                  status="RESOLVED"
                >
                  90210
                </SkeletonLoader>
              </DataListCell>,
            ]
          }
        />
      </DataListItemRow>
    </DataListItem>
  </DataList>
</Card>
`;
