// Jest Snapshot v1, https://goo.gl/fbAQLP

exports[`render breadcrumbs renders breadcrumbs menu 1`] = `
<div>
  <Breadcrumb
    title={true}
  >
    <BreadcrumbItem
      active={false}
      dangerouslySetInnerHTML={
        Object {
          "__html": "root",
        }
      }
      href="/some-url"
      key="0"
    />
    <BreadcrumbItem
      active={true}
      dangerouslySetInnerHTML={
        Object {
          "__html": "child",
        }
      }
      key="1"
    />
  </Breadcrumb>
  <hr
    className="breadcrumb-line"
  />
</div>
`;

exports[`render breadcrumbs renders h1 title 1`] = `
<div
  className="form-group"
>
  <h1>
    title
  </h1>
</div>
`;
