// Jest Snapshot v1, https://goo.gl/fbAQLP

exports[`AutoComplete rendering renders AutoComplete 1`] = `
<div
  className="input-group"
>
  <AutoComplete
    controller="models"
    getResults={[Function]}
    handleSearch={[Function]}
    initialQuery=""
    initialUpdate={[Function]}
    queryCache={Object {}}
    resetData={[Function]}
    results={Array []}
    searchQuery={null}
    status={null}
    url="models/auto_complete_search?search="
  />
  <div
    className="input-group-btn"
  >
    <SearchButton
      onClick={[Function]}
    />
    <Connect(BookmarkContainer)
      data={
        Object {
          "canCreate": true,
          "controller": "models",
          "documentationUrl": "http://www.theforeman.org/manuals/1.19/index.html#4.1.5Searching",
          "searchQuery": null,
          "url": "/api/bookmarks",
        }
      }
    />
  </div>
</div>
`;
