// Jest Snapshot v1, https://goo.gl/fbAQLP

exports[`Report Template AutoComplete rendering renders report template with date input 1`] = `
<DateTime
  id={4}
  info={null}
  isRequired={false}
  label="some-label"
  locale={null}
  template="report_template_report"
  value="2019-01-04"
/>
`;

exports[`Report Template AutoComplete rendering renders report template with search input 1`] = `
<TemplateAutoComplete
  id={3}
  info={null}
  initialError={null}
  initialQuery=""
  isRequired={false}
  label="some label"
  resourceType="some-controller"
  template="report_template_report"
  url="some-url"
/>
`;
